src/pages/Settings.tsx(4,19): error TS2305: Module '"../firebase"' has no exported member 'updateDoc'.
